br\com\daianebellon\controlefinanceiro\converter\CategoriaConverter.class
br\com\daianebellon\controlefinanceiro\usecase\movimentacao\CadastrarMovimentacao.class
br\com\daianebellon\controlefinanceiro\validation\Mensagens.class
br\com\daianebellon\controlefinanceiro\usecase\conta\BuscarContaPeloId.class
br\com\daianebellon\controlefinanceiro\usecase\movimentacao\BuscarMovimentacaoPeloId.class
br\com\daianebellon\controlefinanceiro\domain\conta\ContaOutputDto.class
br\com\daianebellon\controlefinanceiro\usecase\conta\ExcluirConta.class
br\com\daianebellon\controlefinanceiro\http\MovimentacaoWS.class
br\com\daianebellon\controlefinanceiro\usecase\categoria\ExcluirCategoria.class
br\com\daianebellon\controlefinanceiro\gateway\database\repository\ContaRepository.class
br\com\daianebellon\controlefinanceiro\usecase\conta\CadastrarConta.class
br\com\daianebellon\controlefinanceiro\validation\IdValidator.class
br\com\daianebellon\controlefinanceiro\domain\movimentacao\MovimentacaoInputDto.class
br\com\daianebellon\controlefinanceiro\gateway\database\entity\TipoMovimentacao.class
br\com\daianebellon\controlefinanceiro\domain\categoria\CategoriaOutputDto.class
br\com\daianebellon\controlefinanceiro\ControleFinanceiroApplication.class
br\com\daianebellon\controlefinanceiro\domain\categoria\CategoriaInputDto.class
br\com\daianebellon\controlefinanceiro\domain\movimentacao\MovimentacaoOutputDto.class
br\com\daianebellon\controlefinanceiro\gateway\database\entity\Conta.class
br\com\daianebellon\controlefinanceiro\usecase\categoria\BuscarCategoriaPeloId.class
br\com\daianebellon\controlefinanceiro\gateway\database\repository\CategoriaRepository.class
br\com\daianebellon\controlefinanceiro\validation\MovimentacaoInputDtoValidator.class
br\com\daianebellon\controlefinanceiro\validation\CategoriaInputDtoValidator.class
br\com\daianebellon\controlefinanceiro\converter\ContaConverter.class
br\com\daianebellon\controlefinanceiro\http\CategoriaWS.class
br\com\daianebellon\controlefinanceiro\usecase\conta\AtualizarSaldoConta.class
br\com\daianebellon\controlefinanceiro\validation\AtualizarSaldoContaValidator.class
br\com\daianebellon\controlefinanceiro\validation\ContaInputDtoValidator.class
br\com\daianebellon\controlefinanceiro\config\ControleFinanceiroExceptionHandler.class
br\com\daianebellon\controlefinanceiro\domain\conta\ContaInputDto.class
br\com\daianebellon\controlefinanceiro\gateway\database\entity\Movimentacao.class
br\com\daianebellon\controlefinanceiro\http\ContaWS.class
br\com\daianebellon\controlefinanceiro\converter\MovimentacaoConverter.class
br\com\daianebellon\controlefinanceiro\gateway\database\repository\MovimentacaoRepository.class
br\com\daianebellon\controlefinanceiro\usecase\movimentacao\ExcluirMovimentacao.class
br\com\daianebellon\controlefinanceiro\usecase\categoria\EditarCategoria.class
br\com\daianebellon\controlefinanceiro\usecase\categoria\CadastrarCategoria.class
br\com\daianebellon\controlefinanceiro\gateway\database\entity\Categoria.class
