C:\Users\daiane.bellon\Documents\daiane\Alura\Java\workspace\controle-financeiro\src\main\java\br\com\daianebellon\controlefinanceiro\http\MovimentacaoWS.java
C:\Users\daiane.bellon\Documents\daiane\Alura\Java\workspace\controle-financeiro\src\main\java\br\com\daianebellon\controlefinanceiro\usecase\movimentacao\CadastrarMovimentacao.java
C:\Users\daiane.bellon\Documents\daiane\Alura\Java\workspace\controle-financeiro\src\main\java\br\com\daianebellon\controlefinanceiro\validation\AtualizarSaldoContaValidator.java
C:\Users\daiane.bellon\Documents\daiane\Alura\Java\workspace\controle-financeiro\src\main\java\br\com\daianebellon\controlefinanceiro\usecase\conta\BuscarContaPeloId.java
C:\Users\daiane.bellon\Documents\daiane\Alura\Java\workspace\controle-financeiro\src\main\java\br\com\daianebellon\controlefinanceiro\converter\MovimentacaoConverter.java
C:\Users\daiane.bellon\Documents\daiane\Alura\Java\workspace\controle-financeiro\src\main\java\br\com\daianebellon\controlefinanceiro\usecase\categoria\BuscarCategoriaPeloId.java
C:\Users\daiane.bellon\Documents\daiane\Alura\Java\workspace\controle-financeiro\src\main\java\br\com\daianebellon\controlefinanceiro\http\CategoriaWS.java
C:\Users\daiane.bellon\Documents\daiane\Alura\Java\workspace\controle-financeiro\src\main\java\br\com\daianebellon\controlefinanceiro\usecase\movimentacao\BuscarMovimentacaoPeloId.java
C:\Users\daiane.bellon\Documents\daiane\Alura\Java\workspace\controle-financeiro\src\main\java\br\com\daianebellon\controlefinanceiro\config\ControleFinanceiroExceptionHandler.java
C:\Users\daiane.bellon\Documents\daiane\Alura\Java\workspace\controle-financeiro\src\main\java\br\com\daianebellon\controlefinanceiro\converter\CategoriaConverter.java
C:\Users\daiane.bellon\Documents\daiane\Alura\Java\workspace\controle-financeiro\src\main\java\br\com\daianebellon\controlefinanceiro\validation\CategoriaInputDtoValidator.java
C:\Users\daiane.bellon\Documents\daiane\Alura\Java\workspace\controle-financeiro\src\main\java\br\com\daianebellon\controlefinanceiro\validation\ContaInputDtoValidator.java
C:\Users\daiane.bellon\Documents\daiane\Alura\Java\workspace\controle-financeiro\src\main\java\br\com\daianebellon\controlefinanceiro\http\ContaWS.java
C:\Users\daiane.bellon\Documents\daiane\Alura\Java\workspace\controle-financeiro\src\main\java\br\com\daianebellon\controlefinanceiro\gateway\database\entity\Conta.java
C:\Users\daiane.bellon\Documents\daiane\Alura\Java\workspace\controle-financeiro\src\main\java\br\com\daianebellon\controlefinanceiro\validation\MovimentacaoInputDtoValidator.java
C:\Users\daiane.bellon\Documents\daiane\Alura\Java\workspace\controle-financeiro\src\main\java\br\com\daianebellon\controlefinanceiro\gateway\database\entity\Movimentacao.java
C:\Users\daiane.bellon\Documents\daiane\Alura\Java\workspace\controle-financeiro\src\main\java\br\com\daianebellon\controlefinanceiro\usecase\categoria\ExcluirCategoria.java
C:\Users\daiane.bellon\Documents\daiane\Alura\Java\workspace\controle-financeiro\src\main\java\br\com\daianebellon\controlefinanceiro\usecase\conta\CadastrarConta.java
C:\Users\daiane.bellon\Documents\daiane\Alura\Java\workspace\controle-financeiro\src\main\java\br\com\daianebellon\controlefinanceiro\gateway\database\repository\ContaRepository.java
C:\Users\daiane.bellon\Documents\daiane\Alura\Java\workspace\controle-financeiro\src\main\java\br\com\daianebellon\controlefinanceiro\usecase\conta\ExcluirConta.java
C:\Users\daiane.bellon\Documents\daiane\Alura\Java\workspace\controle-financeiro\src\main\java\br\com\daianebellon\controlefinanceiro\domain\conta\ContaInputDto.java
C:\Users\daiane.bellon\Documents\daiane\Alura\Java\workspace\controle-financeiro\src\main\java\br\com\daianebellon\controlefinanceiro\domain\movimentacao\MovimentacaoInputDto.java
C:\Users\daiane.bellon\Documents\daiane\Alura\Java\workspace\controle-financeiro\src\main\java\br\com\daianebellon\controlefinanceiro\usecase\categoria\EditarCategoria.java
C:\Users\daiane.bellon\Documents\daiane\Alura\Java\workspace\controle-financeiro\src\main\java\br\com\daianebellon\controlefinanceiro\domain\categoria\CategoriaInputDto.java
C:\Users\daiane.bellon\Documents\daiane\Alura\Java\workspace\controle-financeiro\src\main\java\br\com\daianebellon\controlefinanceiro\usecase\conta\AtualizarSaldoConta.java
C:\Users\daiane.bellon\Documents\daiane\Alura\Java\workspace\controle-financeiro\src\main\java\br\com\daianebellon\controlefinanceiro\ControleFinanceiroApplication.java
C:\Users\daiane.bellon\Documents\daiane\Alura\Java\workspace\controle-financeiro\src\main\java\br\com\daianebellon\controlefinanceiro\validation\IdValidator.java
C:\Users\daiane.bellon\Documents\daiane\Alura\Java\workspace\controle-financeiro\src\main\java\br\com\daianebellon\controlefinanceiro\gateway\database\repository\MovimentacaoRepository.java
C:\Users\daiane.bellon\Documents\daiane\Alura\Java\workspace\controle-financeiro\src\main\java\br\com\daianebellon\controlefinanceiro\converter\ContaConverter.java
C:\Users\daiane.bellon\Documents\daiane\Alura\Java\workspace\controle-financeiro\src\main\java\br\com\daianebellon\controlefinanceiro\usecase\categoria\CadastrarCategoria.java
C:\Users\daiane.bellon\Documents\daiane\Alura\Java\workspace\controle-financeiro\src\main\java\br\com\daianebellon\controlefinanceiro\validation\Mensagens.java
C:\Users\daiane.bellon\Documents\daiane\Alura\Java\workspace\controle-financeiro\src\main\java\br\com\daianebellon\controlefinanceiro\usecase\movimentacao\ExcluirMovimentacao.java
C:\Users\daiane.bellon\Documents\daiane\Alura\Java\workspace\controle-financeiro\src\main\java\br\com\daianebellon\controlefinanceiro\domain\categoria\CategoriaOutputDto.java
C:\Users\daiane.bellon\Documents\daiane\Alura\Java\workspace\controle-financeiro\src\main\java\br\com\daianebellon\controlefinanceiro\domain\movimentacao\MovimentacaoOutputDto.java
C:\Users\daiane.bellon\Documents\daiane\Alura\Java\workspace\controle-financeiro\src\main\java\br\com\daianebellon\controlefinanceiro\gateway\database\entity\TipoMovimentacao.java
C:\Users\daiane.bellon\Documents\daiane\Alura\Java\workspace\controle-financeiro\src\main\java\br\com\daianebellon\controlefinanceiro\gateway\database\repository\CategoriaRepository.java
C:\Users\daiane.bellon\Documents\daiane\Alura\Java\workspace\controle-financeiro\src\main\java\br\com\daianebellon\controlefinanceiro\domain\conta\ContaOutputDto.java
C:\Users\daiane.bellon\Documents\daiane\Alura\Java\workspace\controle-financeiro\src\main\java\br\com\daianebellon\controlefinanceiro\gateway\database\entity\Categoria.java
