C:\Users\daiane.bellon\Documents\daiane\Alura\Java\workspace\controle-financeiro\src\test\java\br\com\daianebellon\controlefinanceiro\usecase\movimentacao\ExcluirMovimentacaoTest.java
C:\Users\daiane.bellon\Documents\daiane\Alura\Java\workspace\controle-financeiro\src\test\java\br\com\daianebellon\controlefinanceiro\validation\CategoriaInputDtoValidatorTest.java
C:\Users\daiane.bellon\Documents\daiane\Alura\Java\workspace\controle-financeiro\src\test\java\br\com\daianebellon\controlefinanceiro\ControleFinanceiroApplicationTests.java
C:\Users\daiane.bellon\Documents\daiane\Alura\Java\workspace\controle-financeiro\src\test\java\br\com\daianebellon\controlefinanceiro\usecase\conta\CadastrarContaTest.java
C:\Users\daiane.bellon\Documents\daiane\Alura\Java\workspace\controle-financeiro\src\test\java\br\com\daianebellon\controlefinanceiro\usecase\conta\BuscarContaPeloIdTest.java
C:\Users\daiane.bellon\Documents\daiane\Alura\Java\workspace\controle-financeiro\src\test\java\br\com\daianebellon\controlefinanceiro\usecase\categoria\ExcluirCategoriaTest.java
C:\Users\daiane.bellon\Documents\daiane\Alura\Java\workspace\controle-financeiro\src\test\java\br\com\daianebellon\controlefinanceiro\usecase\categoria\CadastrarCategoriaTest.java
C:\Users\daiane.bellon\Documents\daiane\Alura\Java\workspace\controle-financeiro\src\test\java\br\com\daianebellon\controlefinanceiro\usecase\conta\AtualizarSaldoContaTest.java
C:\Users\daiane.bellon\Documents\daiane\Alura\Java\workspace\controle-financeiro\src\test\java\br\com\daianebellon\controlefinanceiro\validation\IdValidatorTest.java
C:\Users\daiane.bellon\Documents\daiane\Alura\Java\workspace\controle-financeiro\src\test\java\br\com\daianebellon\controlefinanceiro\validation\AtualizarSaldoContaValidatorTest.java
C:\Users\daiane.bellon\Documents\daiane\Alura\Java\workspace\controle-financeiro\src\test\java\br\com\daianebellon\controlefinanceiro\usecase\conta\ExcluirContaTest.java
C:\Users\daiane.bellon\Documents\daiane\Alura\Java\workspace\controle-financeiro\src\test\java\br\com\daianebellon\controlefinanceiro\usecase\movimentacao\BuscarMovimentacaoPeloIdTest.java
C:\Users\daiane.bellon\Documents\daiane\Alura\Java\workspace\controle-financeiro\src\test\java\br\com\daianebellon\controlefinanceiro\validation\MovimentacaoInputDtoValidatorTest.java
C:\Users\daiane.bellon\Documents\daiane\Alura\Java\workspace\controle-financeiro\src\test\java\br\com\daianebellon\controlefinanceiro\usecase\categoria\BuscarCategoriaPeloIdTest.java
C:\Users\daiane.bellon\Documents\daiane\Alura\Java\workspace\controle-financeiro\src\test\java\br\com\daianebellon\controlefinanceiro\usecase\movimentacao\CadastrarMovimentacaoTest.java
C:\Users\daiane.bellon\Documents\daiane\Alura\Java\workspace\controle-financeiro\src\test\java\br\com\daianebellon\controlefinanceiro\validation\ContaInputDtoValidatorTest.java
